###############################################################################
#
# IAR ELF Linker V9.32.2.340/W64 for ARM                  07/Mar/2023  23:09:43
# Copyright 2007-2023 IAR Systems AB.
#
#    Output file  =
#        C:\Users\cube_\OneDrive\Github\Practice\STM\Nucleo1\EWARM\Nucleo1\Exe\Nucleo1.out
#    Map file     =
#        C:\Users\cube_\OneDrive\Github\Practice\STM\Nucleo1\EWARM\Nucleo1\List\Nucleo1.map
#    Command line =
#        -f
#        C:\Users\cube_\OneDrive\Github\Practice\STM\Nucleo1\EWARM\Nucleo1\Exe\Nucleo1.out.rsp
#        (C:\Users\cube_\OneDrive\Github\Practice\STM\Nucleo1\EWARM\Nucleo1\Obj\Application\User\Core\main.o
#        C:\Users\cube_\OneDrive\Github\Practice\STM\Nucleo1\EWARM\Nucleo1\Obj\Application\EWARM\startup_stm32f070xb.o
#        C:\Users\cube_\OneDrive\Github\Practice\STM\Nucleo1\EWARM\Nucleo1\Obj\Drivers\STM32F0xx_HAL_Driver\stm32f0xx_hal.o
#        C:\Users\cube_\OneDrive\Github\Practice\STM\Nucleo1\EWARM\Nucleo1\Obj\Drivers\STM32F0xx_HAL_Driver\stm32f0xx_hal_cortex.o
#        C:\Users\cube_\OneDrive\Github\Practice\STM\Nucleo1\EWARM\Nucleo1\Obj\Drivers\STM32F0xx_HAL_Driver\stm32f0xx_hal_dma.o
#        C:\Users\cube_\OneDrive\Github\Practice\STM\Nucleo1\EWARM\Nucleo1\Obj\Drivers\STM32F0xx_HAL_Driver\stm32f0xx_hal_exti.o
#        C:\Users\cube_\OneDrive\Github\Practice\STM\Nucleo1\EWARM\Nucleo1\Obj\Drivers\STM32F0xx_HAL_Driver\stm32f0xx_hal_flash.o
#        C:\Users\cube_\OneDrive\Github\Practice\STM\Nucleo1\EWARM\Nucleo1\Obj\Drivers\STM32F0xx_HAL_Driver\stm32f0xx_hal_flash_ex.o
#        C:\Users\cube_\OneDrive\Github\Practice\STM\Nucleo1\EWARM\Nucleo1\Obj\Drivers\STM32F0xx_HAL_Driver\stm32f0xx_hal_gpio.o
#        C:\Users\cube_\OneDrive\Github\Practice\STM\Nucleo1\EWARM\Nucleo1\Obj\Drivers\STM32F0xx_HAL_Driver\stm32f0xx_hal_i2c.o
#        C:\Users\cube_\OneDrive\Github\Practice\STM\Nucleo1\EWARM\Nucleo1\Obj\Drivers\STM32F0xx_HAL_Driver\stm32f0xx_hal_i2c_ex.o
#        C:\Users\cube_\OneDrive\Github\Practice\STM\Nucleo1\EWARM\Nucleo1\Obj\Application\User\Core\stm32f0xx_hal_msp.o
#        C:\Users\cube_\OneDrive\Github\Practice\STM\Nucleo1\EWARM\Nucleo1\Obj\Drivers\STM32F0xx_HAL_Driver\stm32f0xx_hal_pwr.o
#        C:\Users\cube_\OneDrive\Github\Practice\STM\Nucleo1\EWARM\Nucleo1\Obj\Drivers\STM32F0xx_HAL_Driver\stm32f0xx_hal_pwr_ex.o
#        C:\Users\cube_\OneDrive\Github\Practice\STM\Nucleo1\EWARM\Nucleo1\Obj\Drivers\STM32F0xx_HAL_Driver\stm32f0xx_hal_rcc.o
#        C:\Users\cube_\OneDrive\Github\Practice\STM\Nucleo1\EWARM\Nucleo1\Obj\Drivers\STM32F0xx_HAL_Driver\stm32f0xx_hal_rcc_ex.o
#        C:\Users\cube_\OneDrive\Github\Practice\STM\Nucleo1\EWARM\Nucleo1\Obj\Drivers\STM32F0xx_HAL_Driver\stm32f0xx_hal_spi.o
#        C:\Users\cube_\OneDrive\Github\Practice\STM\Nucleo1\EWARM\Nucleo1\Obj\Drivers\STM32F0xx_HAL_Driver\stm32f0xx_hal_spi_ex.o
#        C:\Users\cube_\OneDrive\Github\Practice\STM\Nucleo1\EWARM\Nucleo1\Obj\Drivers\STM32F0xx_HAL_Driver\stm32f0xx_hal_tim.o
#        C:\Users\cube_\OneDrive\Github\Practice\STM\Nucleo1\EWARM\Nucleo1\Obj\Drivers\STM32F0xx_HAL_Driver\stm32f0xx_hal_tim_ex.o
#        C:\Users\cube_\OneDrive\Github\Practice\STM\Nucleo1\EWARM\Nucleo1\Obj\Drivers\STM32F0xx_HAL_Driver\stm32f0xx_hal_uart.o
#        C:\Users\cube_\OneDrive\Github\Practice\STM\Nucleo1\EWARM\Nucleo1\Obj\Drivers\STM32F0xx_HAL_Driver\stm32f0xx_hal_uart_ex.o
#        C:\Users\cube_\OneDrive\Github\Practice\STM\Nucleo1\EWARM\Nucleo1\Obj\Application\User\Core\stm32f0xx_it.o
#        C:\Users\cube_\OneDrive\Github\Practice\STM\Nucleo1\EWARM\Nucleo1\Obj\Drivers\CMSIS\system_stm32f0xx.o
#        --no_out_extension -o
#        C:\Users\cube_\OneDrive\Github\Practice\STM\Nucleo1\EWARM\Nucleo1\Exe\Nucleo1.out
#        --redirect _Printf=_PrintfFullNoMb --redirect _Scanf=_ScanfFullNoMb
#        --map
#        C:\Users\cube_\OneDrive\Github\Practice\STM\Nucleo1\EWARM\Nucleo1\List\Nucleo1.map
#        --config
#        C:\Users\cube_\OneDrive\Github\Practice\STM\Nucleo1\EWARM/stm32f070xb_flash.icf
#        --semihosting --entry __iar_program_start --vfe --text_out locale
#        --cpu=Cortex-M0 --fpu=None)
#
###############################################################################

*******************************************************************************
*** RUNTIME MODEL ATTRIBUTES
***

CppFlavor       = *
__CPP_Runtime   = 1
__SystemLibrary = DLib
__dlib_version  = 6


*******************************************************************************
*** HEAP SELECTION
***

The basic heap was selected because --advanced_heap
was not specified and the application did not appear to
be primarily optimized for speed.


*******************************************************************************
*** PLACEMENT SUMMARY
***

"A0":  place at address 0x800'0000 { ro section .intvec };
"P1":  place in [from 0x800'0000 to 0x801'ffff] { ro };
define block CSTACK with size = 1K, alignment = 8 { };
define block HEAP with size = 512, alignment = 8 { };
"P2":  place in [from 0x2000'0000 to 0x2000'3fff] {
          rw, block CSTACK, block HEAP };
initialize by copy { rw };

  Section            Kind         Address    Size  Object
  -------            ----         -------    ----  ------
"A0":                                        0xc0
  .intvec            ro code   0x800'0000    0xc0  startup_stm32f070xb.o [1]
                             - 0x800'00c0    0xc0

"P1":                                      0x1d08
  .text              ro code   0x800'00c0   0x950  stm32f0xx_hal_spi.o [4]
  .text              ro code   0x800'0a10   0x124  stm32f0xx_hal_msp.o [2]
  .text              ro code   0x800'0b34     0xc  stm32f0xx_hal.o [4]
  .text              ro code   0x800'0b40    0x14  memset.o [6]
  .text              ro code   0x800'0b54   0x1b8  stm32f0xx_hal_gpio.o [4]
  .text              ro code   0x800'0d0c    0x4e  ABImemset.o [6]
  .text              ro code   0x800'0d5a     0x2  startup_stm32f070xb.o [1]
  .text              ro code   0x800'0d5c   0x634  stm32f0xx_hal_uart.o [4]
  .text              ro code   0x800'1390   0x528  stm32f0xx_hal_rcc.o [4]
  .text              ro code   0x800'18b8    0x36  I32DivMod.o [6]
  .text              ro code   0x800'18ee     0x2  startup_stm32f070xb.o [1]
  .text              ro code   0x800'18f0    0x44  stm32f0xx_hal.o [4]
  .text              ro code   0x800'1934     0x2  IntDivZer.o [6]
  .text              ro code   0x800'1936     0x2  startup_stm32f070xb.o [1]
  .text              ro code   0x800'1938    0x78  stm32f0xx_hal_cortex.o [4]
  .text              ro code   0x800'19b0   0x200  main.o [2]
  .text              ro code   0x800'1bb0    0x20  stm32f0xx_hal.o [4]
  .text              ro code   0x800'1bd0    0x4e  ABImemcpy.o [6]
  .text              ro code   0x800'1c1e    0x3c  zero_init3.o [6]
  .text              ro code   0x800'1c5a    0x30  copy_init3.o [6]
  .text              ro code   0x800'1c8a     0x2  startup_stm32f070xb.o [1]
  .text              ro code   0x800'1c8c    0x28  data_init.o [6]
  .iar.init_table    const     0x800'1cb4    0x24  - Linker created -
  .text              ro code   0x800'1cd8    0x1e  cmain.o [6]
  .text              ro code   0x800'1cf6     0x4  low_level_init.o [5]
  .text              ro code   0x800'1cfa     0x8  exit.o [5]
  .text              ro code   0x800'1d02     0x2  startup_stm32f070xb.o [1]
  .text              ro code   0x800'1d04     0xa  cexit.o [6]
  .text              ro code   0x800'1d0e     0x2  startup_stm32f070xb.o [1]
  .text              ro code   0x800'1d10    0x14  exit.o [7]
  .text              ro code   0x800'1d24    0x1c  cstartup_M.o [6]
  .text              ro code   0x800'1d40    0x14  system_stm32f0xx.o [3]
  .text              ro code   0x800'1d54    0x10  startup_stm32f070xb.o [1]
  .text              ro code   0x800'1d64    0x10  stm32f0xx_hal.o [4]
  .text              ro code   0x800'1d74    0x10  stm32f0xx_it.o [2]
  Initializer bytes  const     0x800'1d84    0x10  <for P2-1>
  .rodata            const     0x800'1d94     0x8  system_stm32f0xx.o [3]
  .text              ro code   0x800'1d9c     0x2  startup_stm32f070xb.o [1]
  .text              ro code   0x800'1d9e     0x2  startup_stm32f070xb.o [1]
  .text              ro code   0x800'1da0     0x2  startup_stm32f070xb.o [1]
  .text              ro code   0x800'1da2     0x2  startup_stm32f070xb.o [1]
  .text              ro code   0x800'1da4     0x2  startup_stm32f070xb.o [1]
  .text              ro code   0x800'1da6     0x2  startup_stm32f070xb.o [1]
  .text              ro code   0x800'1da8     0x2  startup_stm32f070xb.o [1]
  .text              ro code   0x800'1daa     0x2  startup_stm32f070xb.o [1]
  .text              ro code   0x800'1dac     0x2  startup_stm32f070xb.o [1]
  .text              ro code   0x800'1dae     0x2  startup_stm32f070xb.o [1]
  .text              ro code   0x800'1db0     0x2  startup_stm32f070xb.o [1]
  .text              ro code   0x800'1db2     0x2  startup_stm32f070xb.o [1]
  .text              ro code   0x800'1db4     0x2  startup_stm32f070xb.o [1]
  .text              ro code   0x800'1db6     0x2  startup_stm32f070xb.o [1]
  .text              ro code   0x800'1db8     0x2  startup_stm32f070xb.o [1]
  .text              ro code   0x800'1dba     0x2  startup_stm32f070xb.o [1]
  .text              ro code   0x800'1dbc     0x2  startup_stm32f070xb.o [1]
  .text              ro code   0x800'1dbe     0x2  startup_stm32f070xb.o [1]
  .text              ro code   0x800'1dc0     0x2  startup_stm32f070xb.o [1]
  .text              ro code   0x800'1dc2     0x2  startup_stm32f070xb.o [1]
  .text              ro code   0x800'1dc4     0x2  startup_stm32f070xb.o [1]
  .text              ro code   0x800'1dc6     0x2  startup_stm32f070xb.o [1]
  .rodata            const     0x800'1dc8     0x0  zero_init3.o [6]
  .rodata            const     0x800'1dc8     0x0  copy_init3.o [6]
                             - 0x800'1dc8  0x1d08

"P2", part 1 of 3:                           0x10
  P2-1                        0x2000'0000    0x10  <Init block>
    .data            inited   0x2000'0000     0xc  stm32f0xx_hal.o [4]
    .data            inited   0x2000'000c     0x4  system_stm32f0xx.o [3]
                            - 0x2000'0010    0x10

"P2", part 2 of 3:                           0xec
  .bss               zero     0x2000'0010    0xec  main.o [2]
                            - 0x2000'00fc    0xec

"P2", part 3 of 3:                          0x400
  CSTACK                      0x2000'0100   0x400  <Block>
    CSTACK           uninit   0x2000'0100   0x400  <Block tail>
                            - 0x2000'0500   0x400

Unused ranges:

         From           To      Size
         ----           --      ----
   0x800'1dc8   0x801'ffff  0x1'e238
  0x2000'00fc  0x2000'00ff       0x4
  0x2000'0500  0x2000'3fff    0x3b00


*******************************************************************************
*** INIT TABLE
***

          Address      Size
          -------      ----
Zero (__iar_zero_init3)
    1 destination range, total size 0xec:
          0x2000'0010  0xec

Copy (__iar_copy_init3)
    1 source range, total size 0x10:
           0x800'1d84  0x10
    1 destination range, total size 0x10:
          0x2000'0000  0x10



*******************************************************************************
*** MODULE SUMMARY
***

    Module                  ro code  ro data  rw data
    ------                  -------  -------  -------
command line/config:
    -------------------------------------------------
    Total:

C:\Users\cube_\OneDrive\Github\Practice\STM\Nucleo1\EWARM\Nucleo1\Obj\Application\EWARM: [1]
    startup_stm32f070xb.o       264
    -------------------------------------------------
    Total:                      264

C:\Users\cube_\OneDrive\Github\Practice\STM\Nucleo1\EWARM\Nucleo1\Obj\Application\User\Core: [2]
    main.o                      512               236
    stm32f0xx_hal_msp.o         292
    stm32f0xx_it.o               16
    -------------------------------------------------
    Total:                      820               236

C:\Users\cube_\OneDrive\Github\Practice\STM\Nucleo1\EWARM\Nucleo1\Obj\Drivers\CMSIS: [3]
    system_stm32f0xx.o           20       12        4
    -------------------------------------------------
    Total:                       20       12        4

C:\Users\cube_\OneDrive\Github\Practice\STM\Nucleo1\EWARM\Nucleo1\Obj\Drivers\STM32F0xx_HAL_Driver: [4]
    stm32f0xx_hal.o             128       12       12
    stm32f0xx_hal_cortex.o      120
    stm32f0xx_hal_gpio.o        440
    stm32f0xx_hal_rcc.o       1'320
    stm32f0xx_hal_spi.o       2'384
    stm32f0xx_hal_uart.o      1'588
    -------------------------------------------------
    Total:                    5'980       12       12

dl6M_tln.a: [5]
    exit.o                        8
    low_level_init.o              4
    -------------------------------------------------
    Total:                       12

rt6M_tl.a: [6]
    ABImemcpy.o                  78
    ABImemset.o                  78
    I32DivMod.o                  54
    IntDivZer.o                   2
    cexit.o                      10
    cmain.o                      30
    copy_init3.o                 48
    cstartup_M.o                 28
    data_init.o                  40
    memset.o                     20
    zero_init3.o                 60
    -------------------------------------------------
    Total:                      448

shb_l.a: [7]
    exit.o                       20
    -------------------------------------------------
    Total:                       20

    Linker created                        36    1'024
-----------------------------------------------------
    Grand Total:              7'564       60    1'276


*******************************************************************************
*** ENTRY LIST
***

Entry                       Address   Size  Type      Object
-----                       -------   ----  ----      ------
.iar.init_table$$Base    0x800'1cb4          --   Gb  - Linker created -
.iar.init_table$$Limit   0x800'1cd8          --   Gb  - Linker created -
?main                    0x800'1cd9         Code  Gb  cmain.o [6]
ADC1_IRQHandler          0x800'1da5         Code  Wk  startup_stm32f070xb.o [1]
AHBPrescTable            0x800'1d44   0x10  Data  Gb  system_stm32f0xx.o [3]
APBPrescTable            0x800'1d94    0x8  Data  Gb  system_stm32f0xx.o [3]
CSTACK$$Base            0x2000'0100          --   Gb  - Linker created -
CSTACK$$Limit           0x2000'0500          --   Gb  - Linker created -
DMA1_Channel1_IRQHandler
                         0x800'1d9f         Code  Wk  startup_stm32f070xb.o [1]
DMA1_Channel2_3_IRQHandler
                         0x800'1da1         Code  Wk  startup_stm32f070xb.o [1]
DMA1_Channel4_5_IRQHandler
                         0x800'1da3         Code  Wk  startup_stm32f070xb.o [1]
EXTI0_1_IRQHandler       0x800'1d03         Code  Wk  startup_stm32f070xb.o [1]
EXTI2_3_IRQHandler       0x800'1d0f         Code  Wk  startup_stm32f070xb.o [1]
EXTI4_15_IRQHandler      0x800'1d9d         Code  Wk  startup_stm32f070xb.o [1]
Error_Handler            0x800'1b9f    0x4  Code  Gb  main.o [2]
FLASH_IRQHandler         0x800'1937         Code  Wk  startup_stm32f070xb.o [1]
HAL_GPIO_Init            0x800'0b55  0x194  Code  Gb  stm32f0xx_hal_gpio.o [4]
HAL_GPIO_WritePin        0x800'0ce9    0xc  Code  Gb  stm32f0xx_hal_gpio.o [4]
HAL_GetTick              0x800'0b35    0xc  Code  Wk  stm32f0xx_hal.o [4]
HAL_IncTick              0x800'1d65   0x10  Code  Wk  stm32f0xx_hal.o [4]
HAL_Init                 0x800'1bb1   0x1a  Code  Gb  stm32f0xx_hal.o [4]
HAL_InitTick             0x800'18f1   0x44  Code  Wk  stm32f0xx_hal.o [4]
HAL_MspInit              0x800'0a11   0x2a  Code  Gb  stm32f0xx_hal_msp.o [2]
HAL_NVIC_SetPriority     0x800'1973    0x8  Code  Gb  stm32f0xx_hal_cortex.o [4]
HAL_RCC_ClockConfig      0x800'1729   0xfc  Code  Gb  stm32f0xx_hal_rcc.o [4]
HAL_RCC_GetPCLK1Freq     0x800'1859   0x14  Code  Gb  stm32f0xx_hal_rcc.o [4]
HAL_RCC_GetSysClockFreq
                         0x800'182d   0x2c  Code  Gb  stm32f0xx_hal_rcc.o [4]
HAL_RCC_GetSysClockFreq::aPLLMULFactorTable
                         0x800'1898   0x10  Data  Lc  stm32f0xx_hal_rcc.o [4]
HAL_RCC_GetSysClockFreq::aPredivFactorTable
                         0x800'18a8   0x10  Data  Lc  stm32f0xx_hal_rcc.o [4]
HAL_RCC_OscConfig        0x800'1391  0x38a  Code  Gb  stm32f0xx_hal_rcc.o [4]
HAL_SPI_Init             0x800'00c1  0x104  Code  Gb  stm32f0xx_hal_spi.o [4]
HAL_SPI_MspInit          0x800'0a3b   0x84  Code  Gb  stm32f0xx_hal_msp.o [2]
HAL_SPI_Receive          0x800'0391  0x1a0  Code  Gb  stm32f0xx_hal_spi.o [4]
HAL_SPI_Transmit         0x800'01c5  0x1c8  Code  Gb  stm32f0xx_hal_spi.o [4]
HAL_SPI_TransmitReceive
                         0x800'0539  0x248  Code  Gb  stm32f0xx_hal_spi.o [4]
HAL_SYSTICK_Config       0x800'197b   0x28  Code  Gb  stm32f0xx_hal_cortex.o [4]
HAL_UART_Init            0x800'0d5d   0x56  Code  Gb  stm32f0xx_hal_uart.o [4]
HAL_UART_MspInit         0x800'0abf   0x5c  Code  Gb  stm32f0xx_hal_msp.o [2]
HAL_UART_Receive         0x800'0ea3  0x112  Code  Gb  stm32f0xx_hal_uart.o [4]
HAL_UART_Transmit        0x800'0dc9   0xda  Code  Gb  stm32f0xx_hal_uart.o [4]
HardFault_Handler        0x800'1d77    0x2  Code  Gb  stm32f0xx_it.o [2]
I2C1_IRQHandler          0x800'1db9         Code  Wk  startup_stm32f070xb.o [1]
I2C2_IRQHandler          0x800'1dbb         Code  Wk  startup_stm32f070xb.o [1]
NMI_Handler              0x800'1d75    0x2  Code  Gb  stm32f0xx_it.o [2]
PendSV_Handler           0x800'1d7b    0x2  Code  Gb  stm32f0xx_it.o [2]
RCC_IRQHandler           0x800'1c8b         Code  Wk  startup_stm32f070xb.o [1]
RTC_IRQHandler           0x800'18ef         Code  Wk  startup_stm32f070xb.o [1]
Region$$Table$$Base      0x800'1cb4          --   Gb  - Linker created -
Region$$Table$$Limit     0x800'1cd8          --   Gb  - Linker created -
Reset_Handler            0x800'1d55         Code  Wk  startup_stm32f070xb.o [1]
SPI1_IRQHandler          0x800'1dbd         Code  Wk  startup_stm32f070xb.o [1]
SPI2_IRQHandler          0x800'1dbf         Code  Wk  startup_stm32f070xb.o [1]
SPI_EndRxTransaction     0x800'094d   0x78  Code  Lc  stm32f0xx_hal_spi.o [4]
SPI_EndRxTxTransaction   0x800'09c5   0x4c  Code  Lc  stm32f0xx_hal_spi.o [4]
SPI_WaitFifoStateUntilTimeout
                         0x800'084f   0xf4  Code  Lc  stm32f0xx_hal_spi.o [4]
SPI_WaitFlagStateUntilTimeout
                         0x800'0789   0xc6  Code  Lc  stm32f0xx_hal_spi.o [4]
SVC_Handler              0x800'1d79    0x2  Code  Gb  stm32f0xx_it.o [2]
SysTick_Handler          0x800'1d7d    0x8  Code  Gb  stm32f0xx_it.o [2]
SystemClock_Config       0x800'1b41   0x5e  Code  Gb  main.o [2]
SystemCoreClock         0x2000'000c    0x4  Data  Gb  system_stm32f0xx.o [3]
SystemInit               0x800'1d41    0x2  Code  Gb  system_stm32f0xx.o [3]
TIM14_IRQHandler         0x800'1db1         Code  Wk  startup_stm32f070xb.o [1]
TIM15_IRQHandler         0x800'1db3         Code  Wk  startup_stm32f070xb.o [1]
TIM16_IRQHandler         0x800'1db5         Code  Wk  startup_stm32f070xb.o [1]
TIM17_IRQHandler         0x800'1db7         Code  Wk  startup_stm32f070xb.o [1]
TIM1_BRK_UP_TRG_COM_IRQHandler
                         0x800'1da7         Code  Wk  startup_stm32f070xb.o [1]
TIM1_CC_IRQHandler       0x800'1da9         Code  Wk  startup_stm32f070xb.o [1]
TIM3_IRQHandler          0x800'1dab         Code  Wk  startup_stm32f070xb.o [1]
TIM6_IRQHandler          0x800'1dad         Code  Wk  startup_stm32f070xb.o [1]
TIM7_IRQHandler          0x800'1daf         Code  Wk  startup_stm32f070xb.o [1]
UART_AdvFeatureConfig    0x800'10cd   0xc8  Code  Gb  stm32f0xx_hal_uart.o [4]
UART_CheckIdleState      0x800'119d   0xae  Code  Gb  stm32f0xx_hal_uart.o [4]
UART_EndRxTransfer       0x800'132d   0x5e  Code  Lc  stm32f0xx_hal_uart.o [4]
UART_SetConfig           0x800'0fb9  0x114  Code  Gb  stm32f0xx_hal_uart.o [4]
UART_WaitOnFlagUntilTimeout
                         0x800'1271   0x98  Code  Gb  stm32f0xx_hal_uart.o [4]
USART1_IRQHandler        0x800'1dc1         Code  Wk  startup_stm32f070xb.o [1]
USART2_IRQHandler        0x800'1dc3         Code  Wk  startup_stm32f070xb.o [1]
USART3_4_IRQHandler      0x800'1dc5         Code  Wk  startup_stm32f070xb.o [1]
USB_IRQHandler           0x800'1dc7         Code  Wk  startup_stm32f070xb.o [1]
WWDG_IRQHandler          0x800'0d5b         Code  Wk  startup_stm32f070xb.o [1]
__ICFEDIT_region_RAM_end__ {Abs}
                        0x2000'3fff         Data  Gb  <internal module>
__ICFEDIT_region_RAM_start__ {Abs}
                        0x2000'0000         Data  Gb  <internal module>
__NVIC_SetPriority       0x800'1939   0x3a  Code  Lc  stm32f0xx_hal_cortex.o [4]
__aeabi_idiv0            0x800'1935         Code  Gb  IntDivZer.o [6]
__aeabi_memcpy           0x800'1c05         Code  Gb  ABImemcpy.o [6]
__aeabi_memcpy4          0x800'1bd1         Code  Gb  ABImemcpy.o [6]
__aeabi_memcpy8          0x800'1bd1         Code  Gb  ABImemcpy.o [6]
__aeabi_memset           0x800'0d0d         Code  Gb  ABImemset.o [6]
__cmain                  0x800'1cd9         Code  Gb  cmain.o [6]
__exit                   0x800'1d11   0x14  Code  Gb  exit.o [7]
__iar_Memcpy             0x800'1c11         Code  Gb  ABImemcpy.o [6]
__iar_Memset4_word       0x800'0d2d         Code  Gb  ABImemset.o [6]
__iar_Memset_word        0x800'0d19         Code  Gb  ABImemset.o [6]
__iar_copy_init3         0x800'1c5b   0x30  Code  Gb  copy_init3.o [6]
__iar_data_init3         0x800'1c8d   0x28  Code  Gb  data_init.o [6]
__iar_program_start      0x800'1d25         Code  Gb  cstartup_M.o [6]
__iar_small_uidiv        0x800'18b9         Code  Gb  I32DivMod.o [6]
__iar_small_uidivmod     0x800'18b9         Code  Gb  I32DivMod.o [6]
__iar_zero_init3         0x800'1c1f   0x3c  Code  Gb  zero_init3.o [6]
__low_level_init         0x800'1cf7    0x4  Code  Gb  low_level_init.o [5]
__vector_table           0x800'0000         Data  Gb  startup_stm32f070xb.o [1]
_call_main               0x800'1ce5         Code  Gb  cmain.o [6]
_exit                    0x800'1d05         Code  Gb  cexit.o [6]
exit                     0x800'1cfb    0x8  Code  Gb  exit.o [5]
hspi2                   0x2000'0010   0x64  Data  Gb  main.o [2]
huart2                  0x2000'0074   0x88  Data  Gb  main.o [2]
main                     0x800'19b1  0x176  Code  Gb  main.o [2]
memset                   0x800'0b41   0x14  Code  Gb  memset.o [6]
uwTick                  0x2000'0004    0x4  Data  Gb  stm32f0xx_hal.o [4]
uwTickFreq              0x2000'0000    0x1  Data  Gb  stm32f0xx_hal.o [4]
uwTickPrio              0x2000'0008    0x4  Data  Gb  stm32f0xx_hal.o [4]


[1] = C:\Users\cube_\OneDrive\Github\Practice\STM\Nucleo1\EWARM\Nucleo1\Obj\Application\EWARM
[2] = C:\Users\cube_\OneDrive\Github\Practice\STM\Nucleo1\EWARM\Nucleo1\Obj\Application\User\Core
[3] = C:\Users\cube_\OneDrive\Github\Practice\STM\Nucleo1\EWARM\Nucleo1\Obj\Drivers\CMSIS
[4] = C:\Users\cube_\OneDrive\Github\Practice\STM\Nucleo1\EWARM\Nucleo1\Obj\Drivers\STM32F0xx_HAL_Driver
[5] = dl6M_tln.a
[6] = rt6M_tl.a
[7] = shb_l.a

  7'564 bytes of readonly  code memory
     60 bytes of readonly  data memory
  1'276 bytes of readwrite data memory

Errors: none
Warnings: none
